Copyright 1986-2016 Xilinx, Inc. All Rights Reserved.
---------------------------------------------------------------------------------------
| Tool Version : Vivado v.2016.4 (win64) Build 1756540 Mon Jan 23 19:11:23 MST 2017
| Date         : Thu Nov 09 16:30:45 2017
| Host         : DESKTOP-LG89K48 running 64-bit major release  (build 9200)
| Command      : report_control_sets -verbose -file ADC_BRIDGE_control_sets_placed.rpt
| Design       : ADC_BRIDGE
| Device       : xc7a100t
---------------------------------------------------------------------------------------

Control Set Information

Table of Contents
-----------------
1. Summary
2. Flip-Flop Distribution
3. Detailed Control Set Information

1. Summary
----------

+----------------------------------------------------------+-------+
|                          Status                          | Count |
+----------------------------------------------------------+-------+
| Number of unique control sets                            |   110 |
| Unused register locations in slices containing registers |   374 |
+----------------------------------------------------------+-------+


2. Flip-Flop Distribution
-------------------------

+--------------+-----------------------+------------------------+-----------------+--------------+
| Clock Enable | Synchronous Set/Reset | Asynchronous Set/Reset | Total Registers | Total Slices |
+--------------+-----------------------+------------------------+-----------------+--------------+
| No           | No                    | No                     |             295 |          140 |
| No           | No                    | Yes                    |             233 |           66 |
| No           | Yes                   | No                     |             694 |          191 |
| Yes          | No                    | No                     |             520 |          132 |
| Yes          | No                    | Yes                    |             156 |           49 |
| Yes          | Yes                   | No                     |              72 |           19 |
+--------------+-----------------------+------------------------+-----------------+--------------+


3. Detailed Control Set Information
-----------------------------------

+----------------------------------------------------------------+--------------------------------------------------------------------------------------------------------------------------------+---------------------------------------------------------------------------------------------------------------------------------+------------------+----------------+
|                          Clock Signal                          |                                                          Enable Signal                                                         |                                                         Set/Reset Signal                                                        | Slice Load Count | Bel Load Count |
+----------------------------------------------------------------+--------------------------------------------------------------------------------------------------------------------------------+---------------------------------------------------------------------------------------------------------------------------------+------------------+----------------+
| ~i_read_button_IBUF_BUFG                                       | ADC/adc0/r_read_button_pressed_i_1_n_0                                                                                         | ADC/adc0/conv_flag                                                                                                              |                1 |              1 |
|  COMMAND/SoC1_out                                              |                                                                                                                                |                                                                                                                                 |                1 |              1 |
|  COMMAND/program_written_signal_reg                            |                                                                                                                                | program_reset                                                                                                                   |                1 |              1 |
| ~i_read_button_IBUF_BUFG                                       | ADC/adc3/r_read_button_pressed_i_1__2_n_0                                                                                      | ADC/adc3/conv_flag                                                                                                              |                1 |              1 |
| ~i_read_button_IBUF_BUFG                                       | ADC/adc11/r_read_button_pressed_i_1__10_n_0                                                                                    | ADC/adc11/conv_flag                                                                                                             |                1 |              1 |
| ~i_read_button_IBUF_BUFG                                       | ADC/adc2/r_read_button_pressed_i_1__1_n_0                                                                                      | ADC/adc2/conv_flag                                                                                                              |                1 |              1 |
| ~i_read_button_IBUF_BUFG                                       | ADC/adc15/r_read_button_pressed_i_1__14_n_0                                                                                    | ADC/adc15/conv_flag                                                                                                             |                1 |              1 |
| ~i_read_button_IBUF_BUFG                                       | ADC/adc10/r_read_button_pressed_i_1__9_n_0                                                                                     | ADC/adc10/conv_flag                                                                                                             |                1 |              1 |
| ~i_read_button_IBUF_BUFG                                       | ADC/adc1/r_read_button_pressed_i_1__0_n_0                                                                                      | ADC/adc1/conv_flag                                                                                                              |                1 |              1 |
|  MAIN_CLOCK/inst/CLK_OUT1                                      |                                                                                                                                | BRIDGE/receive_fifo/U0/inst_fifo_gen/gconvfifo.rf/grf.rf/rstblk/rst_rd_reg2                                                     |                1 |              1 |
| ~i_read_button_IBUF_BUFG                                       | ADC/adc14/r_read_button_pressed_i_1__13_n_0                                                                                    | ADC/adc14/conv_flag                                                                                                             |                1 |              1 |
|  BRIDGE/register_and_buffer/ftdi_clock_generator/inst/CLK_OUT1 |                                                                                                                                | BRIDGE/transmit_fifo/U0/inst_fifo_gen/gconvfifo.rf/grf.rf/rstblk/rst_rd_reg2                                                    |                1 |              1 |
| ~i_read_button_IBUF_BUFG                                       | ADC/adc12/r_read_button_pressed_i_1__11_n_0                                                                                    | ADC/adc12/conv_flag                                                                                                             |                1 |              1 |
| ~i_read_button_IBUF_BUFG                                       | ADC/adc13/r_read_button_pressed_i_1__12_n_0                                                                                    | ADC/adc13/conv_flag                                                                                                             |                1 |              1 |
| ~i_read_button_IBUF_BUFG                                       | ADC/adc4/r_read_button_pressed_i_1__3_n_0                                                                                      | ADC/adc4/conv_flag                                                                                                              |                1 |              1 |
| ~i_read_button_IBUF_BUFG                                       | ADC/adc5/r_read_button_pressed_i_1__4_n_0                                                                                      | ADC/adc5/conv_flag                                                                                                              |                1 |              1 |
| ~i_read_button_IBUF_BUFG                                       | ADC/adc6/r_read_button_pressed_i_1__5_n_0                                                                                      | ADC/adc6/conv_flag                                                                                                              |                1 |              1 |
| ~i_read_button_IBUF_BUFG                                       | ADC/adc7/r_read_button_pressed_i_1__6_n_0                                                                                      | ADC/adc7/conv_flag                                                                                                              |                1 |              1 |
| ~i_read_button_IBUF_BUFG                                       | ADC/adc8/r_read_button_pressed_i_1__7_n_0                                                                                      | ADC/adc8/conv_flag                                                                                                              |                1 |              1 |
| ~i_read_button_IBUF_BUFG                                       | ADC/adc9/r_read_button_pressed_i_1__8_n_0                                                                                      | ADC/adc9/conv_flag                                                                                                              |                1 |              1 |
|  o_trigger_reg_i_1_n_0                                         |                                                                                                                                | o_trigger_reg_i_2_n_0                                                                                                           |                1 |              1 |
|  MAIN_CLOCK/inst/CLK_OUT1                                      |                                                                                                                                | multiplexer/funnel_ready                                                                                                        |                1 |              1 |
|  MAIN_CLOCK/inst/CLK_OUT5                                      |                                                                                                                                |                                                                                                                                 |                2 |              2 |
|  COMMAND/LED_2                                                 |                                                                                                                                |                                                                                                                                 |                1 |              2 |
|  MAIN_CLOCK/inst/CLK_OUT1                                      |                                                                                                                                | BRIDGE/receive_fifo/U0/inst_fifo_gen/gconvfifo.rf/grf.rf/rstblk/rd_rst_reg[2]                                                   |                1 |              2 |
|  BRIDGE/register_and_buffer/ftdi_clock_generator/inst/CLK_OUT1 |                                                                                                                                | BRIDGE/transmit_fifo/U0/inst_fifo_gen/gconvfifo.rf/grf.rf/rstblk/ngwrdrst.grst.g7serrst.gwrrd_rst_sync_stage[2].rrst_inst/AS[0] |                1 |              3 |
|  MAIN_CLOCK/inst/CLK_OUT1                                      |                                                                                                                                | BRIDGE/transmit_fifo/U0/inst_fifo_gen/gconvfifo.rf/grf.rf/rstblk/ngwrdrst.grst.g7serrst.gwrrd_rst_sync_stage[2].wrst_inst/AS[0] |                1 |              3 |
|  BRIDGE/register_and_buffer/ftdi_clock_generator/inst/CLK_OUT1 |                                                                                                                                | BRIDGE/receive_fifo/U0/inst_fifo_gen/gconvfifo.rf/grf.rf/rstblk/ngwrdrst.grst.g7serrst.gwrrd_rst_sync_stage[2].wrst_inst/AS[0]  |                1 |              3 |
|  BRIDGE/register_and_buffer/ftdi_clock_generator/inst/CLK_OUT1 |                                                                                                                                | BRIDGE/receive_fifo/U0/inst_fifo_gen/gconvfifo.rf/grf.rf/rstblk/rst_d2                                                          |                1 |              3 |
|  MAIN_CLOCK/inst/CLK_OUT1                                      |                                                                                                                                | BRIDGE/transmit_fifo/U0/inst_fifo_gen/gconvfifo.rf/grf.rf/rstblk/rst_d2                                                         |                2 |              3 |
|  MAIN_CLOCK/inst/CLK_OUT1                                      |                                                                                                                                | BRIDGE/receive_fifo/U0/inst_fifo_gen/gconvfifo.rf/grf.rf/rstblk/ngwrdrst.grst.g7serrst.gwrrd_rst_sync_stage[2].rrst_inst/AS[0]  |                1 |              3 |
|  MAIN_CLOCK/inst/CLK_OUT1                                      |                                                                                                                                | RST_SHIFT[0]                                                                                                                    |                2 |              4 |
|  MAIN_CLOCK/inst/CLK_OUT1                                      |                                                                                                                                | BRIDGE/transmit_fifo/U0/inst_fifo_gen/gconvfifo.rf/grf.rf/rstblk/rst_wr_reg2                                                    |                1 |              4 |
|  BRIDGE/register_and_buffer/ftdi_clock_generator/inst/CLK_OUT1 |                                                                                                                                | BRIDGE/receive_fifo/U0/inst_fifo_gen/gconvfifo.rf/grf.rf/rstblk/rst_wr_reg2                                                     |                1 |              4 |
|  BRIDGE/register_and_buffer/ftdi_clock_generator/inst/CLK_OUT1 |                                                                                                                                | RST_SHIFT[0]                                                                                                                    |                5 |              8 |
|  BRIDGE/register_and_buffer/ftdi_clock_generator/inst/CLK_OUT1 | BRIDGE/transmit_fifo/U0/inst_fifo_gen/gconvfifo.rf/grf.rf/gntv_or_sync_fifo.gl0.rd/gr1.gr1_int.rfwft/goreg_bm.dout_i_reg[7][0] | BRIDGE/transmit_fifo/U0/inst_fifo_gen/gconvfifo.rf/grf.rf/rstblk/rd_rst_reg[0]                                                  |                3 |              8 |
|  BRIDGE/register_and_buffer/ftdi_clock_generator/inst/CLK_OUT1 | BRIDGE/transmitter_machine/E[0]                                                                                                |                                                                                                                                 |                3 |              8 |
|  MAIN_CLOCK/inst/CLK_OUT1                                      | COMMAND/flag_reg_n_0                                                                                                           |                                                                                                                                 |                3 |              8 |
|  MAIN_CLOCK/inst/CLK_OUT1                                      |                                                                                                                                | eqOp                                                                                                                            |                3 |              8 |
|  BRIDGE/register_and_buffer/ftdi_clock_generator/inst/CLK_OUT1 |                                                                                                                                | BRIDGE/transmit_fifo/U0/inst_fifo_gen/gconvfifo.rf/grf.rf/rstblk/rd_rst_reg[2]                                                  |                3 |             10 |
|  MAIN_CLOCK/inst/CLK_OUT1                                      |                                                                                                                                |                                                                                                                                 |                9 |             13 |
|  MAIN_CLOCK/inst/CLK_OUT1                                      |                                                                                                                                | multiplexer/o_funnel_data[15]_i_1_n_0                                                                                           |               14 |             16 |
|  MAIN_CLOCK/inst/CLK_OUT1                                      | funnel_queue/fifo8/dataout1                                                                                                    |                                                                                                                                 |                3 |             20 |
|  MAIN_CLOCK/inst/CLK_OUT1                                      | funnel_queue/fifo9/dataout1                                                                                                    |                                                                                                                                 |                5 |             20 |
|  MAIN_CLOCK/inst/CLK_OUT1                                      | funnel_queue/fifo11/dataout1                                                                                                   |                                                                                                                                 |                4 |             20 |
|  MAIN_CLOCK/inst/CLK_OUT1                                      | funnel_queue/fifo12/dataout1                                                                                                   |                                                                                                                                 |                4 |             20 |
|  MAIN_CLOCK/inst/CLK_OUT1                                      | funnel_queue/fifo13/dataout1                                                                                                   |                                                                                                                                 |                7 |             20 |
|  MAIN_CLOCK/inst/CLK_OUT1                                      | funnel_queue/fifo14/dataout1                                                                                                   |                                                                                                                                 |                3 |             20 |
|  MAIN_CLOCK/inst/CLK_OUT1                                      | funnel_queue/fifo15/dataout1                                                                                                   |                                                                                                                                 |                5 |             20 |
|  MAIN_CLOCK/inst/CLK_OUT1                                      | funnel_queue/fifo2/dataout1                                                                                                    |                                                                                                                                 |                4 |             20 |
|  MAIN_CLOCK/inst/CLK_OUT1                                      | funnel_queue/fifo3/dataout1                                                                                                    |                                                                                                                                 |                6 |             20 |
|  MAIN_CLOCK/inst/CLK_OUT1                                      | funnel_queue/fifo4/dataout1                                                                                                    |                                                                                                                                 |                3 |             20 |
|  MAIN_CLOCK/inst/CLK_OUT1                                      | BRIDGE/receive_fifo/U0/inst_fifo_gen/gconvfifo.rf/grf.rf/gntv_or_sync_fifo.gl0.rd/gras.rsts/E[0]                               | BRIDGE/receive_fifo/U0/inst_fifo_gen/gconvfifo.rf/grf.rf/rstblk/rd_rst_reg[2]                                                   |                4 |             20 |
|  MAIN_CLOCK/inst/CLK_OUT1                                      | funnel_queue/fifo0/dataout1                                                                                                    |                                                                                                                                 |                5 |             20 |
|  MAIN_CLOCK/inst/CLK_OUT1                                      | funnel_queue/fifo1/dataout1                                                                                                    |                                                                                                                                 |                6 |             20 |
|  MAIN_CLOCK/inst/CLK_OUT1                                      | funnel_queue/fifo10/dataout1                                                                                                   |                                                                                                                                 |                5 |             20 |
|  MAIN_CLOCK/inst/CLK_OUT1                                      | funnel_queue/fifo5/dataout1                                                                                                    |                                                                                                                                 |                4 |             20 |
|  MAIN_CLOCK/inst/CLK_OUT1                                      | funnel_queue/fifo6/dataout1                                                                                                    |                                                                                                                                 |                3 |             20 |
|  MAIN_CLOCK/inst/CLK_OUT1                                      | funnel_queue/fifo7/dataout1                                                                                                    |                                                                                                                                 |                4 |             20 |
|  BRIDGE/register_and_buffer/ftdi_clock_generator/inst/CLK_OUT1 |                                                                                                                                |                                                                                                                                 |               11 |             21 |
|  MAIN_CLOCK/inst/CLK_OUT3                                      | funnel_queue/fifo8/p_1_out                                                                                                     |                                                                                                                                 |                4 |             28 |
|  MAIN_CLOCK/inst/CLK_OUT3                                      | funnel_queue/fifo9/p_1_out                                                                                                     |                                                                                                                                 |                4 |             28 |
|  MAIN_CLOCK/inst/CLK_OUT3                                      | funnel_queue/fifo7/p_1_out                                                                                                     |                                                                                                                                 |                4 |             28 |
|  MAIN_CLOCK/inst/CLK_OUT3                                      | funnel_queue/fifo6/p_1_out                                                                                                     |                                                                                                                                 |                4 |             28 |
|  BRIDGE/register_and_buffer/ftdi_clock_generator/inst/CLK_OUT1 | BRIDGE/transmit_fifo/U0/inst_fifo_gen/gconvfifo.rf/grf.rf/gntv_or_sync_fifo.gl0.rd/gr1.gr1_int.rfwft/E[0]                      | BRIDGE/transmit_fifo/U0/inst_fifo_gen/gconvfifo.rf/grf.rf/rstblk/rd_rst_reg[2]                                                  |                6 |             28 |
|  MAIN_CLOCK/inst/CLK_OUT3                                      | funnel_queue/fifo3/p_1_out                                                                                                     |                                                                                                                                 |                4 |             28 |
|  MAIN_CLOCK/inst/CLK_OUT3                                      | funnel_queue/fifo0/p_1_out                                                                                                     |                                                                                                                                 |                4 |             28 |
|  MAIN_CLOCK/inst/CLK_OUT3                                      | funnel_queue/fifo1/p_1_out                                                                                                     |                                                                                                                                 |                5 |             28 |
|  MAIN_CLOCK/inst/CLK_OUT3                                      | funnel_queue/fifo5/p_1_out                                                                                                     |                                                                                                                                 |                4 |             28 |
|  MAIN_CLOCK/inst/CLK_OUT3                                      | funnel_queue/fifo10/p_1_out                                                                                                    |                                                                                                                                 |                4 |             28 |
|  MAIN_CLOCK/inst/CLK_OUT3                                      | funnel_queue/fifo11/p_1_out                                                                                                    |                                                                                                                                 |                5 |             28 |
|  MAIN_CLOCK/inst/CLK_OUT3                                      | funnel_queue/fifo12/p_1_out                                                                                                    |                                                                                                                                 |                5 |             28 |
|  MAIN_CLOCK/inst/CLK_OUT3                                      | funnel_queue/fifo13/p_1_out                                                                                                    |                                                                                                                                 |                4 |             28 |
|  MAIN_CLOCK/inst/CLK_OUT3                                      | funnel_queue/fifo14/p_1_out                                                                                                    |                                                                                                                                 |                4 |             28 |
|  MAIN_CLOCK/inst/CLK_OUT3                                      | funnel_queue/fifo15/p_1_out                                                                                                    |                                                                                                                                 |                5 |             28 |
|  MAIN_CLOCK/inst/CLK_OUT3                                      | funnel_queue/fifo2/p_1_out                                                                                                     |                                                                                                                                 |                5 |             28 |
|  MAIN_CLOCK/inst/CLK_OUT3                                      | funnel_queue/fifo4/p_1_out                                                                                                     |                                                                                                                                 |                5 |             28 |
|  MAIN_CLOCK/inst/CLK_OUT3                                      |                                                                                                                                | ADC/adc14/r_read_button_pressed_i_1__13_n_0                                                                                     |                8 |             32 |
|  MAIN_CLOCK/inst/CLK_OUT3                                      |                                                                                                                                | ADC/adc13/r_read_button_pressed_i_1__12_n_0                                                                                     |                8 |             32 |
|  MAIN_CLOCK/inst/CLK_OUT3                                      |                                                                                                                                | ADC/adc2/r_read_button_pressed_i_1__1_n_0                                                                                       |                8 |             32 |
|  MAIN_CLOCK/inst/CLK_OUT3                                      |                                                                                                                                | ADC/adc10/r_read_button_pressed_i_1__9_n_0                                                                                      |                8 |             32 |
|  MAIN_CLOCK/inst/CLK_OUT3                                      |                                                                                                                                | ADC/adc11/r_read_button_pressed_i_1__10_n_0                                                                                     |                8 |             32 |
|  MAIN_CLOCK/inst/CLK_OUT3                                      |                                                                                                                                | ADC/adc0/r_read_button_pressed_i_1_n_0                                                                                          |                8 |             32 |
|  MAIN_CLOCK/inst/CLK_OUT3                                      |                                                                                                                                | ADC/adc3/r_read_button_pressed_i_1__2_n_0                                                                                       |                8 |             32 |
|  MAIN_CLOCK/inst/CLK_OUT3                                      |                                                                                                                                | ADC/adc12/r_read_button_pressed_i_1__11_n_0                                                                                     |                8 |             32 |
|  MAIN_CLOCK/inst/CLK_OUT3                                      |                                                                                                                                | ADC/adc6/r_read_button_pressed_i_1__5_n_0                                                                                       |                8 |             32 |
|  MAIN_CLOCK/inst/CLK_OUT3                                      |                                                                                                                                | ADC/adc7/r_read_button_pressed_i_1__6_n_0                                                                                       |                8 |             32 |
|  MAIN_CLOCK/inst/CLK_OUT3                                      |                                                                                                                                | ADC/adc8/r_read_button_pressed_i_1__7_n_0                                                                                       |                8 |             32 |
|  MAIN_CLOCK/inst/CLK_OUT3                                      |                                                                                                                                | ADC/adc9/r_read_button_pressed_i_1__8_n_0                                                                                       |                8 |             32 |
|  MAIN_CLOCK/inst/CLK_OUT3                                      |                                                                                                                                | ADC/adc5/r_read_button_pressed_i_1__4_n_0                                                                                       |                8 |             32 |
|  MAIN_CLOCK/inst/CLK_OUT3                                      |                                                                                                                                | ADC/adc4/r_read_button_pressed_i_1__3_n_0                                                                                       |                8 |             32 |
|  BRIDGE/register_and_buffer/ftdi_clock_generator/inst/CLK_OUT1 |                                                                                                                                | BRIDGE/receive_fifo/U0/inst_fifo_gen/gconvfifo.rf/grf.rf/gntv_or_sync_fifo.gl0.rd/gras.rsts/ram_empty_i                         |                8 |             32 |
|  MAIN_CLOCK/inst/CLK_OUT1                                      |                                                                                                                                | multiplexer/clear                                                                                                               |                8 |             32 |
|  MAIN_CLOCK/inst/CLK_OUT1                                      |                                                                                                                                | counter_trigger[0]_i_1_n_0                                                                                                      |                8 |             32 |
|  MAIN_CLOCK/inst/CLK_OUT1                                      | COUNT_1[0]_i_2_n_0                                                                                                             | COUNT_1                                                                                                                         |                8 |             32 |
|  MAIN_CLOCK/inst/CLK_OUT3                                      |                                                                                                                                |                                                                                                                                 |               29 |             32 |
|  MAIN_CLOCK/inst/CLK_OUT3                                      |                                                                                                                                | ADC/adc15/r_read_button_pressed_i_1__14_n_0                                                                                     |                8 |             32 |
|  MAIN_CLOCK/inst/CLK_OUT3                                      |                                                                                                                                | ADC/adc1/r_read_button_pressed_i_1__0_n_0                                                                                       |                8 |             32 |
|  MAIN_CLOCK/inst/CLK_OUT5                                      | program_sfera/count_1[0]_i_1_n_0                                                                                               |                                                                                                                                 |                8 |             32 |
|  MAIN_CLOCK/inst/CLK_OUT5                                      | program_sfera/count_2[31]_i_1_n_0                                                                                              |                                                                                                                                 |               13 |             32 |
|  MAIN_CLOCK/inst/CLK_OUT5                                      | program_sfera/count_read[0]_i_2_n_0                                                                                            | program_sfera/count_read[0]_i_1_n_0                                                                                             |                8 |             32 |
|  BRIDGE/register_and_buffer/ftdi_clock_generator/inst/CLK_OUT1 |                                                                                                                                | BRIDGE/receive_fifo/U0/inst_fifo_gen/gconvfifo.rf/grf.rf/rstblk/wr_rst_reg[0]                                                   |                9 |             40 |
|  MAIN_CLOCK/inst/CLK_OUT1                                      |                                                                                                                                | BRIDGE/receive_fifo/U0/inst_fifo_gen/gconvfifo.rf/grf.rf/rstblk/rd_rst_reg[1]                                                   |                9 |             40 |
|  BRIDGE/register_and_buffer/ftdi_clock_generator/inst/CLK_OUT1 | BRIDGE/receive_fifo/U0/inst_fifo_gen/gconvfifo.rf/grf.rf/gntv_or_sync_fifo.gl0.wr/gwas.wsts/E[0]                               | BRIDGE/receive_fifo/U0/inst_fifo_gen/gconvfifo.rf/grf.rf/rstblk/wr_rst_reg[1]                                                   |                9 |             40 |
|  MAIN_CLOCK/inst/CLK_OUT1                                      | BRIDGE/transmit_fifo/U0/inst_fifo_gen/gconvfifo.rf/grf.rf/gntv_or_sync_fifo.gl0.wr/gwas.wsts/gic0.gc1.count_d1_reg[12]         | BRIDGE/transmit_fifo/U0/inst_fifo_gen/gconvfifo.rf/grf.rf/rstblk/wr_rst_reg[1]                                                  |               14 |             52 |
|  MAIN_CLOCK/inst/CLK_OUT1                                      |                                                                                                                                | BRIDGE/transmit_fifo/U0/inst_fifo_gen/gconvfifo.rf/grf.rf/rstblk/wr_rst_reg[0]                                                  |               14 |             52 |
|  BRIDGE/register_and_buffer/ftdi_clock_generator/inst/CLK_OUT1 |                                                                                                                                | BRIDGE/transmit_fifo/U0/inst_fifo_gen/gconvfifo.rf/grf.rf/rstblk/rd_rst_reg[1]                                                  |               14 |             52 |
|  MAIN_CLOCK/inst/CLK_OUT1                                      |                                                                                                                                | COMMAND/pipo_rst                                                                                                                |               17 |             56 |
|  MAIN_CLOCK/inst/CLK_OUT1                                      | COMMAND/pipo/Dout_0[7]_i_1_n_0                                                                                                 |                                                                                                                                 |               12 |             56 |
| ~MAIN_CLOCK/inst/CLK_OUT3                                      |                                                                                                                                |                                                                                                                                 |               87 |            224 |
+----------------------------------------------------------------+--------------------------------------------------------------------------------------------------------------------------------+---------------------------------------------------------------------------------------------------------------------------------+------------------+----------------+


+--------+-----------------------+
| Fanout | Number of ControlSets |
+--------+-----------------------+
| 1      |                    22 |
| 2      |                     3 |
| 3      |                     6 |
| 4      |                     3 |
| 8      |                     5 |
| 10     |                     1 |
| 13     |                     1 |
| 16+    |                    69 |
+--------+-----------------------+


